[    0.000000] Initializing cgroup subsys cpuset
[    0.000000] Initializing cgroup subsys cpu
[    0.000000] Initializing cgroup subsys cpuacct
[    0.000000] Linux version 4.4.0-142-generic (buildd@lgw01-amd64-033) (gcc version 5.4.0 20160609 (Ubuntu 5.4.0-6ubuntu1~16.04.10) ) #168-Ubuntu SMP Wed Jan 16 21:00:45 UTC 2019 (Ubuntu 4.4.0-142.168-generic 4.4.167)
[    0.000000] Command line: BOOT_IMAGE=/boot/vmlinuz-4.4.0-142-generic root=LABEL=cloudimg-rootfs ro console=tty1 console=ttyS0
[    0.000000] KERNEL supported cpus:
[    0.000000]   Intel GenuineIntel
[    0.000000]   AMD AuthenticAMD
[    0.000000]   Centaur CentaurHauls
[    0.000000] x86/fpu: xstate_offset[2]:  576, xstate_sizes[2]:  256
[    0.000000] x86/fpu: Supporting XSAVE feature 0x01: 'x87 floating point registers'
[    0.000000] x86/fpu: Supporting XSAVE feature 0x02: 'SSE registers'
[    0.000000] x86/fpu: Supporting XSAVE feature 0x04: 'AVX registers'
[    0.000000] x86/fpu: Enabled xstate features 0x7, context size is 832 bytes, using 'standard' format.
[    0.000000] e820: BIOS-provided physical RAM map:
[    0.000000] BIOS-e820: [mem 0x0000000000000000-0x000000000009fbff] usable
[    0.000000] BIOS-e820: [mem 0x000000000009fc00-0x000000000009ffff] reserved
[    0.000000] BIOS-e820: [mem 0x00000000000f0000-0x00000000000fffff] reserved
[    0.000000] BIOS-e820: [mem 0x0000000000100000-0x000000003ffeffff] usable
[    0.000000] BIOS-e820: [mem 0x000000003fff0000-0x000000003fffffff] ACPI data
[    0.000000] BIOS-e820: [mem 0x00000000fec00000-0x00000000fec00fff] reserved
[    0.000000] BIOS-e820: [mem 0x00000000fee00000-0x00000000fee00fff] reserved
[    0.000000] BIOS-e820: [mem 0x00000000fffc0000-0x00000000ffffffff] reserved
[    0.000000] NX (Execute Disable) protection: active
[    0.000000] SMBIOS 2.5 present.
[    0.000000] Hypervisor detected: KVM
[    0.000000] e820: last_pfn = 0x3fff0 max_arch_pfn = 0x400000000
[    0.000000] MTRR: Disabled
[    0.000000] x86/PAT: MTRRs disabled, skipping PAT initialization too.
[    0.000000] CPU MTRRs all blank - virtualized system.
[    0.000000] x86/PAT: Configuration [0-7]: WB  WT  UC- UC  WB  WT  UC- UC  
[    0.000000] found SMP MP-table at [mem 0x0009fff0-0x0009ffff] mapped at [ffff88000009fff0]
[    0.000000] Scanning 1 areas for low memory corruption
[    0.000000] RAMDISK: [mem 0x36308000-0x3717bfff]
[    0.000000] ACPI: Early table checksum verification disabled
[    0.000000] ACPI: RSDP 0x00000000000E0000 000024 (v02 VBOX  )
[    0.000000] ACPI: XSDT 0x000000003FFF0030 00003C (v01 VBOX   VBOXXSDT 00000001 ASL  00000061)
[    0.000000] ACPI: FACP 0x000000003FFF00F0 0000F4 (v04 VBOX   VBOXFACP 00000001 ASL  00000061)
[    0.000000] ACPI: DSDT 0x000000003FFF0470 0021FF (v02 VBOX   VBOXBIOS 00000002 INTL 20160831)
[    0.000000] ACPI: FACS 0x000000003FFF0200 000040
[    0.000000] ACPI: FACS 0x000000003FFF0200 000040
[    0.000000] ACPI: APIC 0x000000003FFF0240 00005C (v02 VBOX   VBOXAPIC 00000001 ASL  00000061)
[    0.000000] ACPI: SSDT 0x000000003FFF02A0 0001CC (v01 VBOX   VBOXCPUT 00000002 INTL 20160831)
[    0.000000] No NUMA configuration found
[    0.000000] Faking a node at [mem 0x0000000000000000-0x000000003ffeffff]
[    0.000000] NODE_DATA(0) allocated [mem 0x3ffeb000-0x3ffeffff]
[    0.000000] kvm-clock: Using msrs 4b564d01 and 4b564d00
[    0.000000] kvm-clock: cpu 0, msr 0:3ffe3001, primary cpu clock
[    0.000000] kvm-clock: using sched offset of 3186507420 cycles
[    0.000000] clocksource: kvm-clock: mask: 0xffffffffffffffff max_cycles: 0x1cd42e4dffb, max_idle_ns: 881590591483 ns
[    0.000000] Zone ranges:
[    0.000000]   DMA      [mem 0x0000000000001000-0x0000000000ffffff]
[    0.000000]   DMA32    [mem 0x0000000001000000-0x000000003ffeffff]
[    0.000000]   Normal   empty
[    0.000000]   Device   empty
[    0.000000] Movable zone start for each node
[    0.000000] Early memory node ranges
[    0.000000]   node   0: [mem 0x0000000000001000-0x000000000009efff]
[    0.000000]   node   0: [mem 0x0000000000100000-0x000000003ffeffff]
[    0.000000] Initmem setup node 0 [mem 0x0000000000001000-0x000000003ffeffff]
[    0.000000] ACPI: PM-Timer IO Port: 0x4008
[    0.000000] IOAPIC[0]: apic_id 2, version 32, address 0xfec00000, GSI 0-23
[    0.000000] ACPI: INT_SRC_OVR (bus 0 bus_irq 0 global_irq 2 dfl dfl)
[    0.000000] ACPI: INT_SRC_OVR (bus 0 bus_irq 9 global_irq 9 high level)
[    0.000000] Using ACPI (MADT) for SMP configuration information
[    0.000000] smpboot: Allowing 2 CPUs, 0 hotplug CPUs
[    0.000000] PM: Registered nosave memory: [mem 0x00000000-0x00000fff]
[    0.000000] PM: Registered nosave memory: [mem 0x0009f000-0x0009ffff]
[    0.000000] PM: Registered nosave memory: [mem 0x000a0000-0x000effff]
[    0.000000] PM: Registered nosave memory: [mem 0x000f0000-0x000fffff]
[    0.000000] e820: [mem 0x40000000-0xfebfffff] available for PCI devices
[    0.000000] Booting paravirtualized kernel on KVM
[    0.000000] clocksource: refined-jiffies: mask: 0xffffffff max_cycles: 0xffffffff, max_idle_ns: 7645519600211568 ns
[    0.000000] setup_percpu: NR_CPUS:512 nr_cpumask_bits:512 nr_cpu_ids:2 nr_node_ids:1
[    0.000000] PERCPU: Embedded 34 pages/cpu @ffff88003fc00000 s99480 r8192 d31592 u1048576
[    0.000000] Built 1 zonelists in Node order, mobility grouping on.  Total pages: 257912
[    0.000000] Policy zone: DMA32
[    0.000000] Kernel command line: BOOT_IMAGE=/boot/vmlinuz-4.4.0-142-generic root=LABEL=cloudimg-rootfs ro console=tty1 console=ttyS0
[    0.000000] PID hash table entries: 4096 (order: 3, 32768 bytes)
[    0.000000] Memory: 997732K/1048120K available (8603K kernel code, 1332K rwdata, 4004K rodata, 1484K init, 1316K bss, 50388K reserved, 0K cma-reserved)
[    0.000000] SLUB: HWalign=64, Order=0-3, MinObjects=0, CPUs=2, Nodes=1
[    0.000000] Kernel/User page tables isolation: enabled
[    0.000000] Hierarchical RCU implementation.
[    0.000000] 	Build-time adjustment of leaf fanout to 64.
[    0.000000] 	RCU restricting CPUs from NR_CPUS=512 to nr_cpu_ids=2.
[    0.000000] RCU: Adjusting geometry for rcu_fanout_leaf=64, nr_cpu_ids=2
[    0.000000] NR_IRQS:33024 nr_irqs:440 16
[    0.000000] Console: colour VGA+ 80x25
[    0.000000] console [tty1] enabled
[    0.000000] console [ttyS0] enabled
[    0.000000] tsc: Detected 2594.114 MHz processor
[    0.356774] Calibrating delay loop (skipped) preset value.. 5188.22 BogoMIPS (lpj=10376456)
[    0.358576] pid_max: default: 32768 minimum: 301
[    0.359549] ACPI: Core revision 20150930
[    0.361298] ACPI: 2 ACPI AML tables successfully acquired and loaded
[    0.362672] Security Framework initialized
[    0.363548] Yama: becoming mindful.
[    0.364399] AppArmor: AppArmor initialized
[    0.365369] Dentry cache hash table entries: 131072 (order: 8, 1048576 bytes)
[    0.367551] Inode-cache hash table entries: 65536 (order: 7, 524288 bytes)
[    0.374303] Mount-cache hash table entries: 2048 (order: 2, 16384 bytes)
[    0.375642] Mountpoint-cache hash table entries: 2048 (order: 2, 16384 bytes)
[    0.377227] Initializing cgroup subsys io
[    0.378118] Initializing cgroup subsys memory
[    0.379038] Initializing cgroup subsys devices
[    0.380001] Initializing cgroup subsys freezer
[    0.380949] Initializing cgroup subsys net_cls
[    0.381920] Initializing cgroup subsys perf_event
[    0.384703] Initializing cgroup subsys net_prio
[    0.385659] Initializing cgroup subsys hugetlb
[    0.386625] Initializing cgroup subsys pids
[    0.387885] mce: CPU supports 0 MCE banks
[    0.388769] Last level iTLB entries: 4KB 512, 2MB 8, 4MB 8
[    0.394943] Last level dTLB entries: 4KB 512, 2MB 32, 4MB 32, 1GB 0
[    0.395913] Spectre V2 : Mitigation: Full generic retpoline
[    0.396794] Spectre V2 : Spectre v2 / SpectreRSB mitigation: Filling RSB on context switch
[    0.398171] Speculative Store Bypass: Vulnerable
[    0.401603] Freeing SMP alternatives memory: 32K
[    0.407725] ftrace: allocating 32277 entries in 127 pages
[    0.461866] smpboot: APIC(0) Converting physical 0 to logical package 0
[    0.491292] smpboot: Max logical packages: 1
[    0.509906] x2apic enabled
[    0.532676] Switched APIC routing to physical x2apic.
[    0.551246] ..TIMER: vector=0x30 apic1=0 pin1=2 apic2=-1 pin2=-1
[    0.659861] smpboot: CPU0: Intel(R) Core(TM) i5-3320M CPU @ 2.60GHz (family: 0x6, model: 0x3a, stepping: 0x9)
[    0.678843] Performance Events: unsupported p6 CPU model 58 no PMU driver, software events only.
[    0.690414] KVM setup paravirtual spinlock
[    0.811053] x86: Booting SMP configuration:
[    0.935894] .... node  #0, CPUs:      #1
[    0.962205] kvm-clock: cpu 1, msr 0:3ffe3041, secondary cpu clock
[    0.963505] mce: CPU supports 0 MCE banks
[    0.966130] x86: Booted up 1 node, 2 CPUs
[    0.967048] smpboot: Total of 2 processors activated (10376.45 BogoMIPS)
[    0.968533] devtmpfs: initialized
[    0.971189] evm: security.selinux
[    0.971879] evm: security.SMACK64
[    0.972503] evm: security.SMACK64EXEC
[    0.973165] evm: security.SMACK64TRANSMUTE
[    0.973876] evm: security.SMACK64MMAP
[    0.974577] evm: security.ima
[    0.975157] evm: security.capability
[    0.976060] clocksource: jiffies: mask: 0xffffffff max_cycles: 0xffffffff, max_idle_ns: 7645041785100000 ns
[    0.977629] futex hash table entries: 512 (order: 3, 32768 bytes)
[    0.978770] pinctrl core: initialized pinctrl subsystem
[    0.979769] RTC time:  8:46:04, date: 03/13/19
[    0.980699] NET: Registered protocol family 16
[    0.991831] cpuidle: using governor ladder
[    1.004034] cpuidle: using governor menu
[    1.007037] PCCT header not found.
[    1.008404] ACPI: bus type PCI registered
[    1.063823] acpiphp: ACPI Hot Plug PCI Controller Driver version: 0.5
[    1.096017] PCI: Using configuration type 1 for base access
[    1.108804] ACPI: Added _OSI(Module Device)
[    1.123640] ACPI: Added _OSI(Processor Device)
[    1.124637] ACPI: Added _OSI(3.0 _SCP Extensions)
[    1.125646] ACPI: Added _OSI(Processor Aggregator Device)
[    1.133611] ACPI: Executed 1 blocks of module-level executable AML code
[    1.171765] ACPI: Interpreter enabled
[    1.229455] ACPI: (supports S0 S5)
[    1.230159] ACPI: Using IOAPIC for interrupt routing
[    1.231260] PCI: Using host bridge windows from ACPI; if necessary, use "pci=nocrs" and report a bug
[    1.236676] ACPI: PCI Root Bridge [PCI0] (domain 0000 [bus 00-ff])
[    1.243947] acpi PNP0A03:00: _OSC: OS supports [ASPM ClockPM Segments MSI]
[    1.245014] acpi PNP0A03:00: _OSC: not requesting OS control; OS requires [ExtendedConfig ASPM ClockPM MSI]
[    1.257592] acpi PNP0A03:00: fail to add MMCONFIG information, can't access extended PCI configuration space under this bridge.
[    1.304102] PCI host bridge to bus 0000:00
[    1.306118] pci_bus 0000:00: root bus resource [io  0x0000-0x0cf7 window]
[    1.307493] pci_bus 0000:00: root bus resource [io  0x0d00-0xffff window]
[    1.314163] pci_bus 0000:00: root bus resource [mem 0x000a0000-0x000bffff window]
[    1.315811] pci_bus 0000:00: root bus resource [mem 0x40000000-0xffdfffff window]
[    1.317443] pci_bus 0000:00: root bus resource [bus 00-ff]
[    1.321383] pci 0000:00:01.1: legacy IDE quirk: reg 0x10: [io  0x01f0-0x01f7]
[    1.327221] pci 0000:00:01.1: legacy IDE quirk: reg 0x14: [io  0x03f6]
[    1.328646] pci 0000:00:01.1: legacy IDE quirk: reg 0x18: [io  0x0170-0x0177]
[    1.330109] pci 0000:00:01.1: legacy IDE quirk: reg 0x1c: [io  0x0376]
[    1.355242] pci 0000:00:07.0: quirk: [io  0x4000-0x403f] claimed by PIIX4 ACPI
[    1.370973] pci 0000:00:07.0: quirk: [io  0x4100-0x410f] claimed by PIIX4 SMB
[    1.391729] ACPI: PCI Interrupt Link [LNKA] (IRQs 5 9 10 *11)
[    1.398829] ACPI: PCI Interrupt Link [LNKB] (IRQs 5 9 10 *11)
[    1.400474] ACPI: PCI Interrupt Link [LNKC] (IRQs 5 9 *10 11)
[    1.402093] ACPI: PCI Interrupt Link [LNKD] (IRQs 5 *9 10 11)
[    1.412551] ACPI: Enabled 2 GPEs in block 00 to 07
[    1.414054] vgaarb: setting as boot device: PCI:0000:00:02.0
[    1.415215] vgaarb: device added: PCI:0000:00:02.0,decodes=io+mem,owns=io+mem,locks=none
[    1.416915] vgaarb: loaded
[    1.418596] vgaarb: bridge control possible 0000:00:02.0
[    1.419932] SCSI subsystem initialized
[    1.420911] ACPI: bus type USB registered
[    1.421802] usbcore: registered new interface driver usbfs
[    1.422949] usbcore: registered new interface driver hub
[    1.424060] usbcore: registered new device driver usb
[    1.426074] PCI: Using ACPI for IRQ routing
[    1.431106] NetLabel: Initializing
[    1.431884] NetLabel:  domain hash size = 128
[    1.432777] NetLabel:  protocols = UNLABELED CIPSOv4
[    1.433771] NetLabel:  unlabeled traffic allowed by default
[    1.435126] amd_nb: Cannot enumerate AMD northbridges
[    1.445061] clocksource: Switched to clocksource kvm-clock
[    1.452783] AppArmor: AppArmor Filesystem Enabled
[    1.459113] pnp: PnP ACPI init
[    1.460539] pnp: PnP ACPI: found 3 devices
[    1.471434] clocksource: acpi_pm: mask: 0xffffff max_cycles: 0xffffff, max_idle_ns: 2085701024 ns
[    1.474985] NET: Registered protocol family 2
[    1.476142] TCP established hash table entries: 8192 (order: 4, 65536 bytes)
[    1.477537] TCP bind hash table entries: 8192 (order: 5, 131072 bytes)
[    1.478877] TCP: Hash tables configured (established 8192 bind 8192)
[    1.480194] UDP hash table entries: 512 (order: 2, 16384 bytes)
[    1.481436] UDP-Lite hash table entries: 512 (order: 2, 16384 bytes)
[    1.482789] NET: Registered protocol family 1
[    1.483772] pci 0000:00:00.0: Limiting direct PCI/PCI transfers
[    1.485013] pci 0000:00:01.0: Activating ISA DMA hang workarounds
[    1.486448] Unpacking initramfs...
[    1.687712] Freeing initrd memory: 14800K
[    1.694065] RAPL PMU detected, API unit is 2^-32 Joules, 3 fixed counters 10737418240 ms ovfl timer
[    1.695887] hw unit of domain pp0-core 2^-0 Joules
[    1.696846] hw unit of domain package 2^-0 Joules
[    1.697865] hw unit of domain pp1-gpu 2^-0 Joules
[    1.698909] platform rtc_cmos: registered platform RTC device (no PNP device found)
[    1.700509] Scanning for low memory corruption every 60 seconds
[    1.702372] audit: initializing netlink subsys (disabled)
[    1.716464] audit: type=2000 audit(1552466768.041:1): initialized
[    1.718011] Initialise system trusted keyring
[    1.719219] HugeTLB registered 2 MB page size, pre-allocated 0 pages
[    1.721735] zbud: loaded
[    1.722801] VFS: Disk quotas dquot_6.6.0
[    1.723694] VFS: Dquot-cache hash table entries: 512 (order 0, 4096 bytes)
[    1.725262] squashfs: version 4.0 (2009/01/31) Phillip Lougher
[    1.726804] fuse init (API version 7.23)
[    1.727953] Key type big_key registered
[    1.728879] Allocating IMA MOK and blacklist keyrings.
[    1.731701] Key type asymmetric registered
[    1.736512] Asymmetric key parser 'x509' registered
[    1.737605] Block layer SCSI generic (bsg) driver version 0.4 loaded (major 249)
[    1.739325] io scheduler noop registered
[    1.740207] io scheduler deadline registered (default)
[    1.741339] io scheduler cfq registered
[    1.742304] pci_hotplug: PCI Hot Plug PCI Core version: 0.5
[    1.743416] pciehp: PCI Express Hot Plug Controller Driver version: 0.4
[    1.744833] ACPI: AC Adapter [AC] (off-line)
[    1.745882] input: Power Button as /devices/LNXSYSTM:00/LNXPWRBN:00/input/input0
[    1.747434] ACPI: Power Button [PWRF]
[    1.748289] input: Sleep Button as /devices/LNXSYSTM:00/LNXSLPBN:00/input/input1
[    1.749918] ACPI: Sleep Button [SLPF]
[    1.750977] GHES: HEST is not enabled!
[    1.751570] ACPI: Battery Slot [BAT0] (battery present)
[    1.753152] Serial: 8250/16550 driver, 32 ports, IRQ sharing enabled
[    1.776136] 00:02: ttyS0 at I/O 0x3f8 (irq = 4, base_baud = 115200) is a 16550A
[    1.782011] Linux agpgart interface v0.103
[    1.786503] loop: module loaded
[    1.802472] scsi host0: ata_piix
[    1.803946] scsi host1: ata_piix
[    1.805251] ata1: PATA max UDMA/33 cmd 0x1f0 ctl 0x3f6 bmdma 0xd000 irq 14
[    1.806704] ata2: PATA max UDMA/33 cmd 0x170 ctl 0x376 bmdma 0xd008 irq 15
[    1.807907] libphy: Fixed MDIO Bus: probed
[    1.808748] tun: Universal TUN/TAP device driver, 1.6
[    1.809704] tun: (C) 1999-2004 Max Krasnyansky <maxk@qualcomm.com>
[    1.810842] PPP generic driver version 2.4.2
[    1.811729] ehci_hcd: USB 2.0 'Enhanced' Host Controller (EHCI) Driver
[    1.813805] ehci-pci: EHCI PCI platform driver
[    1.816380] ehci-platform: EHCI generic platform driver
[    1.818312] ohci_hcd: USB 1.1 'Open' Host Controller (OHCI) Driver
[    1.819271] ohci-pci: OHCI PCI platform driver
[    1.820029] ohci-platform: OHCI generic platform driver
[    1.820875] uhci_hcd: USB Universal Host Controller Interface driver
[    1.821970] i8042: PNP: PS/2 Controller [PNP0303:PS2K,PNP0f03:PS2M] at 0x60,0x64 irq 1,12
[    1.823767] serio: i8042 KBD port at 0x60,0x64 irq 1
[    1.824574] serio: i8042 AUX port at 0x60,0x64 irq 12
[    1.825698] mousedev: PS/2 mouse device common for all mice
[    1.828004] input: AT Translated Set 2 keyboard as /devices/platform/i8042/serio0/input/input2
[    1.830013] rtc_cmos rtc_cmos: rtc core: registered rtc_cmos as rtc0
[    1.831028] rtc_cmos rtc_cmos: alarms up to one day, 114 bytes nvram
[    1.832013] i2c /dev entries driver
[    1.832709] device-mapper: uevent: version 1.0.3
[    1.833668] device-mapper: ioctl: 4.34.0-ioctl (2015-10-28) initialised: dm-devel@redhat.com
[    1.835088] ledtrig-cpu: registered to indicate activity on CPUs
[    1.937838] NET: Registered protocol family 10
[    1.951958] NET: Registered protocol family 17
[    1.952725] Key type dns_resolver registered
[    1.954184] registered taskstats version 1
[    1.954910] Loading compiled-in X.509 certificates
[    1.956398] Loaded X.509 cert 'Build time autogenerated kernel key: bff73e56bc0efa7435b2a24f5427674623f1be80'
[    1.958037] zswap: loaded using pool lzo/zbud
[    1.961931] Key type trusted registered
[    1.970825] Key type encrypted registered
[    1.990905] AppArmor: AppArmor sha1 policy hashing enabled
[    1.992301] ima: No TPM chip found, activating TPM-bypass!
[    1.993721] ima: Allocated hash algorithm: sha1
[    1.999792] evm: HMAC attrs: 0x1
[    2.017245]   Magic number: 11:41:776
[    2.025889] rtc_cmos rtc_cmos: setting system clock to 2019-03-13 08:46:05 UTC (1552466765)
[    2.041817] BIOS EDD facility v0.16 2004-Jun-25, 0 devices found
[    2.046280] EDD information not available.
[    2.050752] Freeing unused kernel memory: 1484K
[    2.190268] Write protecting the kernel read-only data: 14336k
[    2.282370] Freeing unused kernel memory: 1624K
[    2.311292] Freeing unused kernel memory: 92K
Loading, please wait...
starting version[    2.329735] random: systemd-udevd: uninitialized urandom read (16 bytes read, 2 bits of entropy available)
 229
[    2.330538] random: udevadm: uninitialized urandom read (16 bytes read, 2 bits of entropy available)
[    2.330563] random: udevadm: uninitialized urandom read (16 bytes read, 2 bits of entropy available)
[    2.340492] random: udevadm: uninitialized urandom read (16 bytes read, 2 bits of entropy available)
[    2.340540] random: udevadm: uninitialized urandom read (16 bytes read, 2 bits of entropy available)
[    2.340701] random: udevadm: uninitialized urandom read (16 bytes read, 2 bits of entropy available)
[    2.340763] random: udevadm: uninitialized urandom read (16 bytes read, 2 bits of entropy available)
[    2.340825] random: udevadm: uninitialized urandom read (16 bytes read, 2 bits of entropy available)
[    2.340886] random: udevadm: uninitialized urandom read (16 bytes read, 2 bits of entropy available)
[    2.340944] random: udevadm: uninitialized urandom read (16 bytes read, 2 bits of entropy available)
[    2.463282] Fusion MPT base driver 3.04.20
[    2.629494] Copyright (c) 1999-2008 LSI Corporation
[    2.686922] e1000: Intel(R) PRO/1000 Network Driver - version 7.3.21-k8-NAPI
[    2.688659] e1000: Copyright (c) 1999-2006 Intel Corporation.
[    2.697134] tsc: Refined TSC clocksource calibration: 2594.620 MHz
[    2.996199] clocksource: tsc: mask: 0xffffffffffffffff max_cycles: 0x256661d3c83, max_idle_ns: 440795209026 ns
[    3.161658] Fusion MPT SPI Host driver 3.04.20
[    3.288345] AVX version of gcm_enc/dec engaged.
[    3.417920] AES CTR mode by8 optimization enabled
[    3.470277] input: ImExPS/2 Generic Explorer Mouse as /devices/platform/i8042/serio1/input/input4
[    3.517448] e1000 0000:00:03.0 eth0: (PCI:33MHz:32-bit) 02:d2:eb:b6:4d:8b
[    3.542055] e1000 0000:00:03.0 eth0: Intel(R) PRO/1000 Network Connection
[    3.544228] mptbase: ioc0: Initiating bringup
[    3.544347] e1000 0000:00:03.0 enp0s3: renamed from eth0
[    3.673801] ioc0: LSI53C1030 A0: Capabilities={Initiator}
[    4.038179] scsi host2: ioc0: LSI53C1030 A0, FwRev=00000000h, Ports=1, MaxQ=256, IRQ=20
[    4.170302] scsi 2:0:0:0: Direct-Access     VBOX     HARDDISK         1.0  PQ: 0 ANSI: 5
[    4.187102] scsi target2:0:0: Beginning Domain Validation
[    4.388229] scsi target2:0:0: Domain Validation skipping write tests
[    4.390519] scsi target2:0:0: Ending Domain Validation
[    4.391421] scsi target2:0:0: asynchronous
[    4.392735] scsi 2:0:1:0: Direct-Access     VBOX     HARDDISK         1.0  PQ: 0 ANSI: 5
[    4.396825] scsi target2:0:1: Beginning Domain Validation
[    4.408139] scsi target2:0:1: Domain Validation skipping write tests
[    4.410723] scsi target2:0:1: Ending Domain Validation
[    4.411616] scsi target2:0:1: asynchronous
[    4.419174] sd 2:0:0:0: Attached scsi generic sg0 type 0
[    4.419573] sd 2:0:0:0: [sda] 20971520 512-byte logical blocks: (10.7 GB/10.0 GiB)
[    4.419689] sd 2:0:0:0: [sda] Write Protect is off
[    4.419767] sd 2:0:0:0: [sda] Incomplete mode parameter data
[    4.419768] sd 2:0:0:0: [sda] Assuming drive cache: write through
[    4.425860]  sda: sda1
[    4.426527] sd 2:0:0:0: [sda] Attached SCSI disk
[    4.553328] sd 2:0:1:0: Attached scsi generic sg1 type 0
[    4.553516] sd 2:0:1:0: [sdb] 20480 512-byte logical blocks: (10.5 MB/10.0 MiB)
[    4.553677] sd 2:0:1:0: [sdb] Write Protect is off
[    4.553770] sd 2:0:1:0: [sdb] Incomplete mode parameter data
[    4.553771] sd 2:0:1:0: [sdb] Assuming drive cache: write through
[    4.556024] sd 2:0:1:0: [sdb] Attached SCSI disk
Begin: Loading e[    5.976918] md: linear personality registered for level -1
ssential drivers ... [    5.983114] md: multipath personality registered for level -4
[    5.992193] md: raid0 personality registered for level 0
[    6.005548] md: raid1 personality registered for level 1
[    6.097140] raid6: sse2x1   gen()  8216 MB/s
[    6.169094] raid6: sse2x1   xor()  6863 MB/s
[    6.245074] raid6: sse2x2   gen() 10785 MB/s
[    6.313085] raid6: sse2x2   xor()  7525 MB/s
[    6.505098] raid6: sse2x4   gen() 12760 MB/s
[    6.617081] raid6: sse2x4   xor()  8758 MB/s
[    6.729900] raid6: using algorithm sse2x4 gen() 12760 MB/s
[    6.738489] raid6: .... xor() 8758 MB/s, rmw enabled
[    6.739853] raid6: using ssse3x2 recovery algorithm
[    6.744813] xor: automatically using best checksumming function:
[    6.805511]    avx       : 17934.000 MB/sec
[    6.813430] async_tx: api initialized (async)
[    6.826175] md: raid6 personality registered for level 6
[    6.957656] md: raid5 personality registered for level 5
[    6.959822] md: raid4 personality registered for level 4
[    6.969646] md: raid10 personality registered for level 10
done.
Begin: Running /scripts/init-premount ...[    7.213291] Btrfs loaded
 done.
Begin: Mounting root file system ... Begin: Running /scripts/local-top ... done.
Begin: Running /scripts/local-premount ... Scanning for Btrfs filesystems
done.
Warning: fsck no[    7.268514] EXT4-fs (sda1): mounted filesystem with ordered data mode. Opts: (null)
t present, so skipping root file system
done.
Begin: Running /scripts/local-bottom ... done.
Begin: Running /scripts/init-bottom ... done.
[    7.488351] systemd[1]: systemd 229 running in system mode. (+PAM +AUDIT +SELINUX +IMA +APPARMOR +SMACK +SYSVINIT +UTMP +LIBCRYPTSETUP +GCRYPT +GNUTLS +ACL +XZ -LZ4 +SECCOMP +BLKID +ELFUTILS +KMOD -IDN)
[    7.488640] systemd[1]: Detected virtualization oracle.
[    7.494951] systemd[1]: Detected architecture x86-64.

Welcome to [1mUbuntu 16.04.6 LTS[0m!

[    7.501035] systemd[1]: Set hostname to <ubuntu>.
[    7.508186] systemd[1]: Initializing machine ID from random generator.
[    7.509289] systemd[1]: Installed transient /etc/machine-id file.
[    7.688679] systemd[1]: Listening on udev Control Socket.
[[0;32m  OK  [0m] Listening on udev Control Socket.
[    7.695454] systemd[1]: Listening on LVM2 metadata daemon socket.
[[0;32m  OK  [0m] Listening on LVM2 metadata daemon socket.
[    7.699947] systemd[1]: Listening on udev Kernel Socket.
[[0;32m  OK  [0m] Listening on udev Kernel Socket.
[    7.703774] systemd[1]: Reached target User and Group Name Lookups.
[[0;32m  OK  [0m] Reached target User and Group Name Lookups.
[    7.707354] systemd[1]: Set up automount Arbitrary Executable File Formats File System Automount Point.
[[0;32m  OK  [0m] Set up automount Arbitrary Executab...ats File System Automount Point.
[    7.710456] systemd[1]: Listening on Journal Socket (/dev/log).
[[0;32m  OK  [0m] Listening on Journal Socket (/dev/log).
[    7.712862] systemd[1]: Created slice System Slice.
[[0;32m  OK  [0m] Created slice System Slice.
[    7.714990] systemd[1]: Started Trigger resolvconf update for networkd DNS.
[[0;32m  OK  [0m] Started Trigger resolvconf update for networkd DNS.
[    7.717444] systemd[1]: Listening on Journal Audit Socket.
[[0;32m  OK  [0m] Listening on Journal Audit Socket.
[    7.719510] systemd[1]: Listening on Journal Socket.
[[0;32m  OK  [0m] Listening on Journal Socket.
[    7.737302] systemd[1]: Mounting Debug File System...
         Mounting Debug File System...
[    7.746569] systemd[1]: Starting Nameserver information manager...
         Starting Nameserver information manager...
[    7.897445] systemd[1]: Starting Uncomplicated firewall...
         Starting Uncomplicated firewall...
[    7.917975] systemd[1]: Starting Remount Root and Kernel File Systems...
[    7.922569] EXT4-fs (sda1): re-mounted. Opts: (null)
         Starting Remount Root and Kernel File Systems...
[    7.925326] systemd[1]: Listening on Device-mapper event daemon FIFOs.
[[0;32m  OK  [0m] Listening on Device-mapper event daemon FIFOs.
[    7.934925] systemd[1]: Starting Monitoring of LVM2 mirrors, snapshots etc. using dmeventd or progress polling...
         Starting Monitoring of LVM2 mirrors... dmeventd or progress polling...
[    7.958268] systemd[1]: Created slice system-serial\x2dgetty.slice.
[[0;32m  OK  [0m] Created slice system-serial\x2dgetty.slice.
[    7.961265] systemd[1]: Starting Set console keymap...
         Starting Set console keymap...
[    7.964114] systemd[1]: Created slice User and Session Slice.
[[0;32m  OK  [0m] Created slice User and Session Slice.
[    7.967490] systemd[1]: Reached target Slices.
[[0;32m  OK  [0m] Reached target Slices.
[    7.976255] systemd[1]: Mounting Huge Pages File System...
         Mounting Huge Pages File System...
[    7.978881] systemd[1]: Reached target System Time Synchronized.
[[0;32m  OK  [0m] Reached target System Time Synchronized.
[    7.983854] systemd[1]: Mounting POSIX Message Queue File System...
         Mounting POSIX Message Queue File System...
[    7.986565] systemd[1]: Started Forward Password Requests to Wall Directory Watch.
[[0;32m  OK  [0m] Started Forward Password Requests to Wall Directory Watch.
[    7.992587] systemd[1]: Starting Create list of required static device nodes for the current kernel...
         Starting Create list of required st... nodes for the current kernel...
[    8.053194] systemd[1]: Listening on /dev/initctl Compatibility Named Pipe.
[[0;32m  OK  [0m] Listening on /dev/initctl Compatibility Named Pipe.
[    8.057114] systemd[1]: Reached target Swap.
[[0;32m  OK  [0m] Reached target Swap.
[    8.066465] systemd[1]: Listening on Syslog Socket.
[[0;32m  OK  [0m] Listening on Syslog Socket.
[    8.085534] systemd[1]: Starting Journal Service...
         Starting Journal Service...
[    8.115234] systemd[1]: Starting Load Kernel Modules...
[    8.130180] Loading iSCSI transport class v2.0-870.
         Starting Load Kernel Modules...
[    8.133748] systemd[1]: Listening on LVM2 poll daemon socket.
[[0;32m  OK  [0m] Listening on LVM2 poll daemon socket.
[    8.138019] systemd[1]: Reached target Encrypted Volumes.
[    8.139357] iscsi: registered transport (tcp)
[[0;32m  OK  [0m] Reached target Encrypted Volumes.
[    8.206135] iscsi: registered transport (iser)
[    8.262216] systemd[1]: Mounted Debug File System.
[[0;32m  OK  [0m] Mounted Debug File System.
[    8.281195] systemd[1]: Mounted POSIX Message Queue File System.
[[0;32m  OK  [0m] Mounted POSIX Message Queue File System.
[    8.309634] systemd[1]: Mounted Huge Pages File System.
[[0;32m  OK  [0m] Mounted Huge Pages File System.
[    8.327712] systemd[1]: Started Journal Service.
[[0;32m  OK  [0m] Started Journal Service.
[[0;32m  OK  [0m] Started Uncomplicated firewall.
[[0;32m  OK  [0m] Started Remount Root and Kernel File Systems.
[[0;32m  OK  [0m] Started Set console keymap.
[[0;32m  OK  [0m] Started Create list of required sta...ce nodes for the current kernel.
[[0;32m  OK  [0m] Started Load Kernel Modules.
[[0;32m  OK  [[    8.448969] random: nonblocking pool is initialized
0m] Started Nameserver information manager.
[[0;32m  OK  [0m] Started LVM2 metadata daemon.
         Mounting FUSE Control File System...
         Starting Apply Kernel Variables...
         Starting Create Static Device Nodes in /dev...
         Starting udev Coldplug all Devices...
         Starting Load/Save Random Seed...
         Starting Flush Journal to Persistent Storage...
[[0;32m  OK  [0m] Mounted FUSE Control File System.
[[0;32m  OK  [0m] Started Apply Kernel Variables.
[[0;32m  OK  [0m] Started Create Static Device Nodes in /dev.
[[0;32m  OK  [0m] Started Load/Save Random Seed.
[[0;32m  OK  [0m] Started udev Coldplug all Devices.
         Starting udev Kernel Device Manager...
[[0;32m  OK  [0m] Started Flush Journal to Persistent Storage.
[[0;32m  OK  [0m] Started udev Kernel Device Manager.
[[0;32m  OK  [0m] Started Dispatch Password Requests to Console Directory Watch.
[[0;32m  OK  [0m] Found device /dev/ttyS0.
[[0;32m  OK  [0m] Started Monitoring of LVM2 mirrors,...ng dmeventd or progress polling.
[[0;32m  OK  [0m] Listening on Load/Save RF Kill Switch Status /dev/rfkill Watch.
[[0;32m  OK  [0m] Reached target Local File Systems (Pre).
[[0;32m  OK  [0m] Reached target Local File Systems.
         Starting Create Volatile Files and Directories...
         Starting LSB: AppArmor initialization...
         Starting Initial cloud-init job (pre-networking)...
         Starting Set console font and keymap...
         Starting Commit a transient machine-id on disk...
         Starting Tell Plymouth To Write Out Runtime Data...
[[0;32m  OK  [0m] Started Create Volatile Files and Directories.
[[0;32m  OK  [0m] Started Tell Plymouth To Write Out Runtime Data.
[[0;32m  OK  [0m] Started Commit a transient machine-id on disk.
         Starting Update UTMP about System Boot/Shutdown...
[[0;32m  OK  [0m] Started Update UTMP about System Boot/Shutdown.
[[0;32m  OK  [0m] Started Set console font and keymap.
[[0;32m  OK  [0m] Created slice system-getty.slice.
[[0;32m  OK  [0m] Started LSB: AppArmor initialization.
[    9.801780] cloud-init[600]: Cloud-init v. 18.5-21-g8ee294d5-0ubuntu1~16.04.1 running 'init-local' at Wed, 13 Mar 2019 08:46:13 +0000. Up 9.39 seconds.
[[0;32m  OK  [0m] Started Initial cloud-init job (pre-networking).
[[0;32m  OK  [0m] Reached target Network (Pre).
         Starting Raise network interfaces...
[[0;32m  OK  [0m] Started Raise network interfaces.
         Starting Initial cloud-init job (metadata service crawler)...
[[0;32m  OK  [0m] Reached target Network.
[   11.150965] cloud-init[934]: Cloud-init v. 18.5-21-g8ee294d5-0ubuntu1~16.04.1 running 'init' at Wed, 13 Mar 2019 08:46:15 +0000. Up 10.53 seconds.
[   11.200810] cloud-init[934]: ci-info: ++++++++++++++++++++++++++++++++++++++Net device info++++++++++++++++++++++++++++++++++++++
[[0;32m  OK  [0m] Started Initial cloud-init job (metadata service crawler).[   11.240542] cloud-init[934]: ci-info: +--------+------+----------------------------+---------------+--------+-------------------+
[   11.240719] cloud-init[934]: ci-info: | Device |  Up  |          Address           |      Mask     | Scope  |     Hw-Address    |
[   11.240876] cloud-init[934]: ci-info: +--------+------+----------------------------+---------------+--------+-------------------+
[   11.241030] cloud-init[934]: ci-info: | enp0s3 | True |         10.0.2.15          | 255.255.255.0 | global | 02:d2:eb:b6:4d:8b |
[   11.241181] cloud-init[934]: ci-info: | enp0s3 | True | fe80::d2:ebff:feb6:4d8b/64 |       .       |  link  | 02:d2:eb:b6:4d:8b |
[   11.241366] cloud-init[934]: ci-info: |   lo   | True |         127.0.0.1          |   255.0.0.0   |  host  |         .         |
[   11.241520] cloud-init[934]: ci-info: |   lo   | True |          ::1/128           |       .       |  host  |         .         |
[   11.241669] cloud-init[934]: ci-info: +--------+------+----------------------------+---------------+--------+-------------------+
[   11.241817] cloud-init[934]: ci-info: +++++++++++++++++++++++++++Route IPv4 info++++++++++++++++++++++++++++
[   11.241973] cloud-init[934]: ci-info: +-------+-------------+----------+---------------+-----------+-------+
[   11.242123] cloud-init[934]: ci-info: | Route | Destination | Gateway  |    Genmask    | Interface | Flags |
[   11.242273] cloud-init[934]: ci-info: +-------+-------------+----------+---------------+-----------+-------+

[[   11.244414] cloud-init[934]: ci-info: |   0   |   0.0.0.0   | 10.0.2.2 |    0.0.0.0    |   enp0s3  |   UG  |
[0;32m  OK  [0m[   11.267524] cloud-init[934]: ci-info: |   1   |   10.0.2.0  | 0.0.0.0  | 255.255.255.0 |   enp0s3  |   U   |
] Reached target Cloud-config availability.
[[   11.267696] cloud-init[934]: ci-info: +-------+-------------+----------+---------------+-----------+-------+
[0;32m  OK  [0m[   11.279967] cloud-init[934]: ci-info: +++++++++++++++++++Route IPv6 info+++++++++++++++++++
] [   11.282965] cloud-init[934]: ci-info: +-------+-------------+---------+-----------+-------+
Reached target System Initialization.
[   11.283304] cloud-init[934]: ci-info: | Route | Destination | Gateway | Interface | Flags |
[[   11.429549] cloud-init[934]: ci-info: +-------+-------------+---------+-----------+-------+
[0;32m  OK  [0m] Listening on UUID daemon activation socket.
[   11.430087] cloud-init[934]: ci-info: |   0   |  fe80::/64  |    ::   |   enp0s3  |   U   |
[[   11.449820] cloud-init[934]: ci-info: |   3   |   ff00::/8  |    ::   |   enp0s3  |   U   |
[0;32m  OK  [0m] Listening on D-Bus System Message Bus Socket.
[[0;32m  OK  [0m] Started Daily apt download activities.
[[   11.450101] cloud-init[934]: ci-info: +-------+-------------+---------+-----------+-------+
[0;32m  OK  [0m[   11.537714] cloud-init[934]: Generating public/private rsa key pair.
] Started Daily apt upgrade and clean activities.
[   11.538037] cloud-init[934]: Your identification has been saved in /etc/ssh/ssh_host_rsa_key.
[[   11.562962] cloud-init[934]: Your public key has been saved in /etc/ssh/ssh_host_rsa_key.pub.
[0;32m  OK  [0m] Listening on ACPID Listen Socket.
[   11.564419] cloud-init[934]: The key fingerprint is:
         [   11.602230] cloud-init[934]: SHA256:zhEzxZcHP/rzNiIM7j7AUBCNKuUD2BZXAA+2+WaUhrE root@ubuntu-xenial
Starting Socket activation for snappy daemon.
[   11.602417] cloud-init[934]: The key's randomart image is:
[   11.632648] cloud-init[934]: +---[RSA 2048]----+
[[   11.632989] cloud-init[934]: |..*oo=*  .. .o   |
[0;32m  OK  [0m[   11.634197] cloud-init[934]: |.oo@ o o .. o..  |
] Started ACPI Events Check.
[[   11.634572] cloud-init[934]: | .E * . +  . .o  |
[0;32m  OK  [0m[   11.657219] cloud-init[934]: | . B .   +   . . |
] Reached target Paths.[   11.658860] cloud-init[934]: |  . = o S   .    |

[   11.659325] cloud-init[934]: |   o   = o   .   |
[[   11.694987] cloud-init[934]: |        = o   o  |
[0;32m  OK  [0m] Started Daily Cleanup of Temporary Directories.
[[0;32m  OK  [0m] Reached target Timers.
[   11.695361] cloud-init[934]: |         o o . +.|
         Starting LXD - unix socket.
[[0;32m  OK  [0m] Reached target Network is Online.
[   11.711078] cloud-init[934]: |        oo. . ..o|
[   11.730555] cloud-init[934]: +----[SHA256]-----+
[   11.732329] cloud-init[934]: Generating public/private dsa key pair.
[   11.734404] cloud-init[934]: Your identification has been saved in /etc/ssh/ssh_host_dsa_key.
[   11.736817] cloud-init[934]: Your public key has been saved in /etc/ssh/ssh_host_dsa_key.pub.
[   11.738896] cloud-init[934]: The key fingerprint is:
[   11.749674]          cloud-initStarting iSCSI initiator daemon (iscsid)...[934]: 
SHA256:IwGZef+NUg+nasbOIYyuyNLjSDmhoVEYJ1JjJOUnTt4 root@ubuntu-xenial
[   11.750263] cloud-init[934]: The key's randomart image is:
[   11.785946] [cloud-init[0;32m  OK  [0m[934]: ] +---[DSA 1024]----+Listening on Socket activation for snappy daemon.

[   11.816526] [cloud-init[0;32m  OK  [0m[934]: ] |=+B .+           |Listening on LXD - unix socket.

[   11.817398] cloud-init[934]: |.O .+..          |
[   11.844097] cloud-init[934]: |. = ....         |
[   11.850879] cloud-init[934]: | = +   .. o .    |
[   11.859775] cloud-init[934]: |o.o E . So B     |
[   11.888842] [cloud-init[0;32m  OK  [0m[934]: ] |ooo  o ...+ o    |Started iSCSI initiator daemon (iscsid).

[   11.889841] cloud-init[934]: |o=  . o..o       |
[   11.932775]          Starting Login to default iSCSI targets...
cloud-init[[0;32m  OK  [0m] Reached target Sockets.
[934]: [[0;32m  OK  [0m] Reached target Basic System.
|+o+.   o=.       |[[0;32m  OK  [0m] Started D-Bus System Message Bus.

[   11.941603] cloud-init[934]: |+ooo.  +o        |
[   11.984526] cloud-init[934]: +----[SHA256]-----+
[[   11.984907] cloud-init[934]: Generating public/private ecdsa key pair.
[0;32m  OK  [0m] Started Regular background program processing daemon.
[   11.985679] cloud-init[934]: Your identification has been saved in /etc/ssh/ssh_host_ecdsa_key.
[   12.041969] cloud-init[934]: Your public key has been saved in /etc/ssh/ssh_host_ecdsa_key.pub.
[   12.081054]          cloud-initStarting LXD - container startup/shutdown...[934]: 
The key fingerprint is:
[   12.096830]          cloud-initStarting Accounts Service...[934]: 
SHA256:FuNT/PWnb/hKBb+8/YaY1c287EvUZGkFcuVmrwX6u4A root@ubuntu-xenial
[   12.106918]          cloud-initStarting LSB: MD monitoring daemon...[934]: 
The key's randomart image is:
[   12.120447] [cloud-init[0;32m  OK  [0m[934]: ] +---[ECDSA 256]---+Started FUSE filesystem for LXC.

[   12.121051] cloud-init[934]: |            . ooo|
[   12.184855]          cloud-initStarting System Logging Service...[934]: 
|         .   o .o|
[   12.195135] [cloud-init[0;32m  OK  [0m[934]: ] |        o o   +o*|Started ACPI event daemon.

[   12.195525] cloud-init[934]: |       . + . o.Xo|
         [   12.208860] cloud-init[934]: |        S   o  =X|
Starting Login Service...
[   12.209491] [[0;32m  OK  [0m] Started Unattended Upgrades Shutdown.
cloud-init[934]: |       . . . .+=B|
[   12.219046] [[0;32m  OK  [0m] Started Deferred execution scheduler.
cloud-init[934]: |          E .+**.|
[   12.225261]          cloud-initStarting Pollinate to seed the pseudo random number generator...[934]: 
|            oo+==|
[   12.225820] cloud-init[934]: |              =XB|
[   12.291627] cloud-init[934]: +----[SHA256]-----+
[   12.320322]          cloud-initStarting LSB: Record successful boot for GRUB...[934]: 
Generating public/private ed25519 key pair.
[   12.321269] cloud-init[934]: Your identification has been saved in /etc/ssh/ssh_host_ed25519_key.
[   12.375710] cloud-init[934]: Your public key has been saved in /etc/ssh/ssh_host_ed25519_key.pub.
[   12.432506]          cloud-initStarting Virtualbox guest utils...[934]: 
The key fingerprint is:
[   12.436312] cloud-init[934]: SHA256:01gi5I0dcxYh45ykYFuugVCzAYQkDkMMniQOPYIi9Q0 root@ubuntu-xenial
[   12.439942] cloud-init[934]: The key's randomart image is:
[   12.466591]          cloud-initStarting /etc/rc.local Compatibility...[934]: 
+--[ED25519 256]--+
[   12.481293]          cloud-initStarting Snappy daemon...[934]: 
|^X= E o * =o     |
[   12.481769] cloud-init[934]: |/++B X O O       |
[   12.544743] cloud-init[934]: |o*o.+ B B .      |
[   12.556153] [cloud-init[0;32m  OK  [0m[934]: ] |     o . =       |Started System Logging Service.

[   12.556788] cloud-init[934]: |    .   S .      |
[   12.561392] [cloud-init[0;32m  OK  [0m[934]: ] |         .       |Started LXD - container startup/shutdown.

[   12.592498] [cloud-init[0;32m  OK  [0m[934]: ] |                 |Started /etc/rc.local Compatibility.

[   12.599713] cloud-init[934]: |                 |
[   12.619814] cloud-init[934]: |                 |
[   12.657349] [cloud-init[0;32m  OK  [0m[934]: ] +----[SHA256]-----+Started Login to default iSCSI targets.

[[0;32m  OK  [0m] Started LSB: MD monitoring daemon.
[[0;32m  OK  [0m] Started Snappy daemon.
[[0;32m  OK  [0m] Started LSB: Record successful boot for GRUB.
[[0;32m  OK  [0m] Started Virtualbox guest utils.
         Starting Authenticate and Authorize Users to Run Privileged Tasks...
         Starting Wait until snapd is fully seeded...
[[0;32m  OK  [0m] Reached target Remote File Systems (Pre).
[[0;32m  OK  [0m] Reached target Remote File Systems.
         Starting Permit User Sessions...
         Starting LSB: automatic crash report generation...
         Starting LSB: Set the CPU Frequency Scaling governor to "ondemand"...
         Starting LSB: daemon to balance interrupts for SMP systems...
[[0;32m  OK  [0m] Started Pollinate to seed the pseudo random number generator.
[[0;32m  OK  [0m] Started Permit User Sessions.
[[0;32m  OK  [0m] Started Login Service.
[[0;32m  OK  [0m] Started Authenticate and Authorize Users to Run Privileged Tasks.
[[0;32m  OK  [0m] Started Accounts Service.
         Starting Terminate Plymouth Boot Screen...
         Starting Hold until boot process finishes up...
         Starting OpenBSD Secure Shell server...
[[0;32m  OK  [0m] Started LSB: automatic crash report generation.
[[0;32m  OK  [0m] Started LSB: Set the CPU Frequency Scaling governor to "ondemand".
[[0;32m  OK  [0m] Started LSB: daemon to balance interrupts for SMP systems.
[[0;32m  OK  [0m] Started Terminate Plymouth Boot Screen.
[[0;32m  OK  [0m] Started Hold until boot process finishes up.
[[0;32m  OK  [0m] Started OpenBSD Secure Shell server.
[[0;32m  OK  [0m] Started Serial Getty on ttyS0.
[[0;32m  OK  [0m] Started Getty on tty1.
[[0;32m  OK  [0m] Reached target Login Prompts.
         Starting Set console scheme...
[[0;32m  OK  [0m] Started Set console scheme.
[[0;32m  OK  [0m] Created slice User Slice of vagrant.
         Starting User Manager for UID 1000...
[[0;32m  OK  [0m] Started User Manager for UID 1000.
[[0;32m  OK  [0m] Started Session 1 of user vagrant.
[[0;32m  OK  [0m] Started Wait until snapd is fully seeded.
         Starting Apply the settings specified in cloud-config...
[[0;32m  OK  [0m] Reached target Multi-User System.
[[0;32m  OK  [0m] Reached target Graphical Interface.
         Starting Update UTMP about System Runlevel Changes...
[[0;32m  OK  [0m] Started Update UTMP about System Runlevel Changes.
[   16.404173] cloud-init[1384]: Generating locales (this might take a while)...
[   17.235268] cloud-init[1384]:   en_US.UTF-8... done
[   17.250227] cloud-init[1384]: Generation complete.
[   17.603421] cloud-init[1384]: Cloud-init v. 18.5-21-g8ee294d5-0ubuntu1~16.04.1 running 'modules:config' at Wed, 13 Mar 2019 08:46:20 +0000. Up 16.29 seconds.
[[0;32m  OK  [0m] Started Apply the settings specified in cloud-config.
         Starting Execute cloud user/final scripts...
         Stopping User Manager for UID 1000...
[[0;32m  OK  [0m] Stopped User Manager for UID 1000.
ci-info: no authorized ssh keys fingerprints found for user ubuntu.
[[0;32m  OK  [0m] Removed slice User Slice of vagrant.
<14>Mar 13 08:46:22 ec2: 
<14>Mar 13 08:46:22 ec2: #############################################################
<14>Mar 13 08:46:22 ec2: -----BEGIN SSH HOST KEY FINGERPRINTS-----
<14>Mar 13 08:46:22 ec2: 1024 SHA256:IwGZef+NUg+nasbOIYyuyNLjSDmhoVEYJ1JjJOUnTt4 root@ubuntu-xenial (DSA)
<14>Mar 13 08:46:22 ec2: 256 SHA256:FuNT/PWnb/hKBb+8/YaY1c287EvUZGkFcuVmrwX6u4A root@ubuntu-xenial (ECDSA)
<14>Mar 13 08:46:22 ec2: 256 SHA256:01gi5I0dcxYh45ykYFuugVCzAYQkDkMMniQOPYIi9Q0 root@ubuntu-xenial (ED25519)
<14>Mar 13 08:46:22 ec2: 2048 SHA256:zhEzxZcHP/rzNiIM7j7AUBCNKuUD2BZXAA+2+WaUhrE root@ubuntu-xenial (RSA)
<14>Mar 13 08:46:22 ec2: -----END SSH HOST KEY FINGERPRINTS-----
<14>Mar 13 08:46:22 ec2: #############################################################
-----BEGIN SSH HOST KEY KEYS-----
ecdsa-sha2-nistp256 AAAAE2VjZHNhLXNoYTItbmlzdHAyNTYAAAAIbmlzdHAyNTYAAABBBFTH0RandmnB6VwH8mazCPXqtcajVTeWAT/VploD1n/m5TnyoVmBrjxGrHrfH0q7gFfxtn0CcOsW9jU55+YQBCg= root@ubuntu-xenial
ssh-ed25519 AAAAC3NzaC1lZDI1NTE5AAAAICH79nqzcnLKlBQx5K/29SH1WCSseZABmWmdYkAFlhal root@ubuntu-xenial
ssh-rsa AAAAB3NzaC1yc2EAAAADAQABAAABAQC+5KpQJlLP2bXGkd3cyZXMfGdXtlqnjp0Y2rIdrzgYUMnpI1a5iFwLUGi7bbA3z4LMnNuISFMiDq8RTPJ3c+sPoQ4L8zKXnzTOius8p3FxedbHszJVJC1GtQeBPkCq3mWJbT+A8s7AH0F+3oRX+vbMKWV4QvKMkqHDqAQke+mc0oS0Wa1ktZ/v4m3okf009iAmom5be4jf8bFaBNjxOfQV1jTRWUvOs167BNU53EDmGjutky2FnnKlBbWCVSRoFr+8eedfyDoJ0hoqHKIZnBp6AM+2VtAsb8NAHXPFjfkcmzCCbyeElByRjIWphCG3YIxejvOgELIvl0On10D7LYrn root@ubuntu-xenial
-----END SSH HOST KEY KEYS-----
[   18.479323] cloud-init[1470]: Cloud-init v. 18.5-21-g8ee294d5-0ubuntu1~16.04.1 running 'modules:final' at Wed, 13 Mar 2019 08:46:22 +0000. Up 18.00 seconds.
[   18.479641] cloud-init[1470]: ci-info: no authorized ssh keys fingerprints found for user ubuntu.
[   18.479795] cloud-init[1470]: Cloud-init v. 18.5-21-g8ee294d5-0ubuntu1~16.04.1 finished at Wed, 13 Mar 2019 08:46:23 +0000. Datasource DataSourceNoCloud [seed=/dev/sdb][dsmode=net].  Up 18.46 seconds

Ubuntu 16.04.6 LTS ubuntu-xenial ttyS0

ubuntu-xenial login: 